[Licensing::Module] Trying to connect to existing licensing client channel...
Built from '6000.0/staging' branch; Version is '6000.0.82f1 (2fb0dae735e1) revision 3125466'; Using compiler version '193933523'; Build Type 'Release'
OS: 'Windows 11  (10.0.26200) CoreCountrySpecific' Language: 'zh' Physical Memory: 32373 MB
[Licensing::IpcConnector] Channel LicenseClient-29401 doesn't exist
BatchMode: 1, IsHumanControllingUs: 0, StartBugReporterOnCrash: 0, Is64bit: 1
System  architecture: x64
Process architecture: x64
Date: 2026-09-05T02:26:34Z
[Licensing::Module] Successfully launched the LicensingClient (PId: 30960)

COMMAND LINE ARGUMENTS:
C:\Program Files\Unity\Hub\Editor\6000.0.82f1\Editor\Unity.exe
-batchmode
-quit
-nographics
-projectPath
C:\Users\29401\Desktop\youxi\farm-cards-expedition-unity
-logFile
C:\Users\29401\Desktop\youxi\farm-cards-expedition-unity\compile_check3.log
Successfully changed project path to: C:\Users\29401\Desktop\youxi\farm-cards-expedition-unity
C:/Users/29401/Desktop/youxi/farm-cards-expedition-unity
[UnityMemory] Configuration Parameters - Can be set up in boot.config
    "memorysetup-bucket-allocator-granularity=16"
    "memorysetup-bucket-allocator-bucket-count=8"
    "memorysetup-bucket-allocator-block-size=33554432"
    "memorysetup-bucket-allocator-block-count=8"
    "memorysetup-main-allocator-block-size=16777216"
    "memorysetup-thread-allocator-block-size=16777216"
    "memorysetup-gfx-main-allocator-block-size=16777216"
    "memorysetup-gfx-thread-allocator-block-size=16777216"
    "memorysetup-cache-allocator-block-size=4194304"
    "memorysetup-typetree-allocator-block-size=2097152"
    "memorysetup-profiler-bucket-allocator-granularity=16"
    "memorysetup-profiler-bucket-allocator-bucket-count=8"
    "memorysetup-profiler-bucket-allocator-block-size=33554432"
    "memorysetup-profiler-bucket-allocator-block-count=8"
    "memorysetup-profiler-allocator-block-size=16777216"
    "memorysetup-profiler-editor-allocator-block-size=1048576"
    "memorysetup-temp-allocator-size-main=16777216"
    "memorysetup-job-temp-allocator-block-size=2097152"
    "memorysetup-job-temp-allocator-block-size-background=1048576"
    "memorysetup-job-temp-allocator-reduction-small-platforms=262144"
    "memorysetup-allocator-temp-initial-block-size-main=262144"
    "memorysetup-allocator-temp-initial-block-size-worker=262144"
    "memorysetup-temp-allocator-size-background-worker=32768"
    "memorysetup-temp-allocator-size-job-worker=262144"
    "memorysetup-temp-allocator-size-preload-manager=33554432"
    "memorysetup-remapper-allocator-initial-capacity=32768"
    "memorysetup-temp-allocator-size-nav-mesh-worker=65536"
    "memorysetup-temp-allocator-size-audio-worker=65536"
    "memorysetup-temp-allocator-size-cloud-worker=32768"
    "memorysetup-temp-allocator-size-gi-baking-worker=262144"
    "memorysetup-temp-allocator-size-gi-baking-worker=262144"
    "memorysetup-temp-allocator-size-gi-baking-worker=262144"
    "memorysetup-temp-allocator-size-gi-baking-worker=262144"
    "memorysetup-temp-allocator-size-gi-baking-worker=262144"
    "memorysetup-temp-allocator-size-gfx=262144"
Player connection [20080]  Target information:

Player connection [20080]  * "[IP] 192.168.11.60 [Port] 55504 [Flags] 2 [Guid] 512835306 [EditorId] 512835306 [Version] 1048832 [Id] WindowsEditor(7,ÐÇ·£) [Debug] 1 [PackageName] WindowsEditor [ProjectName] Editor" 

Player connection [20080]  * "[IP] 192.168.150.1 [Port] 55504 [Flags] 2 [Guid] 512835306 [EditorId] 512835306 [Version] 1048832 [Id] WindowsEditor(7,ÐÇ·£) [Debug] 1 [PackageName] WindowsEditor [ProjectName] Editor" 

Player connection [20080]  * "[IP] 192.168.85.1 [Port] 55504 [Flags] 2 [Guid] 512835306 [EditorId] 512835306 [Version] 1048832 [Id] WindowsEditor(7,ÐÇ·£) [Debug] 1 [PackageName] WindowsEditor [ProjectName] Editor" 

Player connection [20080]  * "[IP] 192.168.56.1 [Port] 55504 [Flags] 2 [Guid] 512835306 [EditorId] 512835306 [Version] 1048832 [Id] WindowsEditor(7,ÐÇ·£) [Debug] 1 [PackageName] WindowsEditor [ProjectName] Editor" 

Player connection [20080]  * "[IP] 198.18.0.1 [Port] 55504 [Flags] 2 [Guid] 512835306 [EditorId] 512835306 [Version] 1048832 [Id] WindowsEditor(7,ÐÇ·£) [Debug] 1 [PackageName] WindowsEditor [ProjectName] Editor" 

Player connection [20080] Host joined multi-casting on [225.0.0.222:54997]...
Player connection [20080] Host joined alternative multi-casting on [225.0.0.222:34997]...
Input System module state changed to: Initialized.
[Physics::Module] Initialized fallback backend.
[Physics::Module] Id: 0xdecafbad
[Licensing::IpcConnector] Successfully connected to: "LicenseClient-29401" at "2026-09-05T02:26:35.3709345Z"
[Package Manager] Connected to IPC stream "Upm-16136" after 0.3 seconds.
Library Redirect Path: Library/
[Licensing::Client] Code 10 while verifying Licensing Client signature (process Id: 30960, path: "C:/Program Files/Unity/Hub/Editor/6000.0.82f1/Editor/Data/Resources/Licensing/Client/Unity.Licensing.Client.exe")
[Licensing::Module] LicensingClient has failed validation; ignoring
[Licensing::Client] Handshaking with LicensingClient:
  Version:                 1.18.3+d7ffd15
  Session Id:              15b838c25ad2448f91502d2f4768d220
  Correlation Id:          eca55a461c045bd3c1f634841e32a44d
  External correlation Id: 6046282570214374480
  Machine Id:              DM/sgPmVEOTdNLm6Ses7npLsnWk=
[Licensing::Module] Successfully connected to LicensingClient on channel: "LicenseClient-29401" (connect: 0.37s, validation: 0.13s, handshake: 0.05s)
[Licensing::IpcConnector] Successfully connected to: "LicenseClient-29401-notifications" at "2026-09-05T02:26:35.5452101Z"
[Licensing::Module] Connected to LicensingClient (PId: 30960, launch time: 0.01, total connection time: 0.55s)
[Licensing::Module] Error: Access token is unavailable; failed to update
[Licensing::Client] Successfully resolved entitlement details
[Licensing::Module] License group:
  Id: F4-W6CN-ZZMR-W65P-8P7C-XXXX
  Product: Unity Personal
  Type: ULF
  Expiration: 2026-09-15T03:25:58Z
[Licensing::Module] License group:
  Id: ewogICJzdWJzR3JvdXAiIDogInVuaXR5IGVkaXRvciIsCiAgIm5hbWVzcGFjZSIgOiAidW5pdHlfZWRpdG9yIiwKICAidHlwZSIgOiAiRURJVE9SIiwKICAidGFnIiA6ICJVbml0eVBlcnNvbmFsXXXX
  Product: Unity Personal Version
  Type: Assigned
  Expiration: Unlimited
[Licensing::Client] Successfully updated license, isAsync: True, time: 0.01
[Licensing::Client] Successfully resolved entitlement details
[Licensing::Module] License group:
  Id: F4-W6CN-ZZMR-W65P-8P7C-XXXX
  Product: Unity Personal
  Type: ULF
  Expiration: 2026-09-15T03:25:58Z
[Licensing::Module] License group:
  Id: ewogICJzdWJzR3JvdXAiIDogInVuaXR5IGVkaXRvciIsCiAgIm5hbWVzcGFjZSIgOiAidW5pdHlfZWRpdG9yIiwKICAidHlwZSIgOiAiRURJVE9SIiwKICAidGFnIiA6ICJVbml0eVBlcnNvbmFsXXXX
  Product: Unity Personal Version
  Type: Assigned
  Expiration: Unlimited
[Licensing::Module] Licensing Background thread has ended after 0.60s
[Physics::Module] Selected backend.
[Physics::Module] Name: PhysX
[Physics::Module] Id: 0xf2b8ea05
[Physics::Module] SDK Version: 4.1.2
[Physics::Module] Integration Version: 1.0.0
[Physics::Module] Threading Mode: Multi-Threaded
Refreshing native plugins compatible for Editor in 0.67 ms, found 0 plugins.
Preloading 0 native plugins for Editor in 0.00 ms.
Initialize engine version: 6000.0.82f1 (2fb0dae735e1)
[Subsystems] Discovering subsystems at path C:/Program Files/Unity/Hub/Editor/6000.0.82f1/Editor/Data/Resources/UnitySubsystems
[Subsystems] Discovering subsystems at path C:/Users/29401/Desktop/youxi/farm-cards-expedition-unity/Assets
Forcing GfxDevice: Null
GfxDevice: creating device client; kGfxThreadingModeNonThreaded
NullGfxDevice:
    Version:  NULL 1.0 [1.0]
    Renderer: Null Device
    Vendor:   Unity Technologies
Shader Hidden/ProbeVolume/VoxelizeScene is not supported: GPU does not support conservative rasterization
Initialize mono
Mono path[0] = 'C:/Program Files/Unity/Hub/Editor/6000.0.82f1/Editor/Data/Managed'
Mono path[1] = 'C:/Program Files/Unity/Hub/Editor/6000.0.82f1/Editor/Data/MonoBleedingEdge/lib/mono/unityjit-win32'
Mono config path = 'C:/Program Files/Unity/Hub/Editor/6000.0.82f1/Editor/Data/MonoBleedingEdge/etc'
Using monoOptions --debugger-agent=transport=dt_socket,embedding=1,server=y,suspend=n,address=127.0.0.1:56136
Using cacheserver namespaces - metadata:defaultmetadata, artifacts:defaultartifacts
Using cacheserver namespaces - metadata:defaultmetadata, artifacts:defaultartifacts
ImportWorker Server TCP listen port: 0
AcceleratorClientConnectionCallback - disconnected - :0
Begin MonoManager ReloadAssembly
Registering precompiled unity dll's ...
Register platform support module: C:/Program Files/Unity/Hub/Editor/6000.0.82f1/Editor/Data/PlaybackEngines/WebGLSupport/UnityEditor.WebGL.Extensions.dll
Register platform support module: C:/Program Files/Unity/Hub/Editor/6000.0.82f1/Editor/Data/PlaybackEngines/WindowsStandaloneSupport/UnityEditor.WindowsStandalone.Extensions.dll
[Licensing::Client] Successfully resolved entitlement details
[Licensing::Module] License group:
  Id: F4-W6CN-ZZMR-W65P-8P7C-XXXX
  Product: Unity Personal
  Type: ULF
  Expiration: 2026-09-15T03:26:35Z
[Licensing::Module] License group:
  Id: ewogICJzdWJzR3JvdXAiIDogInVuaXR5IGVkaXRvciIsCiAgIm5hbWVzcGFjZSIgOiAidW5pdHlfZWRpdG9yIiwKICAidHlwZSIgOiAiRURJVE9SIiwKICAidGFnIiA6ICJVbml0eVBlcnNvbmFsXXXX
  Product: Unity Personal Version
  Type: Assigned
  Expiration: Unlimited
Register platform support module: C:/Program Files/Unity/Hub/Editor/6000.0.82f1/Editor/Data/PlaybackEngines/AndroidPlayer/UnityEditor.Android.Extensions.dll
Registered in 0.012458 seconds.
- Loaded All Assemblies, in  0.384 seconds
Native extension for Android target not found
Android Extension - Scanning For ADB Devices 354 ms
Native extension for WindowsStandalone target not found
Native extension for WebGL target not found
Package Manager log level set to [2]
Mono: successfully reloaded assembly
- Finished resetting the current domain, in  0.670 seconds
Domain Reload Profiling: 1048ms
	BeginReloadAssembly (137ms)
		ExecutionOrderSort (0ms)
		DisableScriptedObjects (0ms)
		BackupInstance (0ms)
		ReleaseScriptingObjects (0ms)
		CreateAndSetChildDomain (1ms)
	RebuildCommonClasses (31ms)
	RebuildNativeTypeToScriptingClass (9ms)
	initialDomainReloadingComplete (62ms)
	LoadAllAssembliesAndSetupDomain (140ms)
		LoadAssemblies (132ms)
		RebuildTransferFunctionScriptingTraits (0ms)
		AnalyzeDomain (136ms)
			TypeCache.Refresh (134ms)
				TypeCache.ScanAssembly (122ms)
			BuildScriptInfoCaches (0ms)
			ResolveRequiredComponents (0ms)
	FinalizeReload (671ms)
		ReleaseScriptCaches (0ms)
		RebuildScriptCaches (0ms)
		SetupLoadedEditorAssemblies (641ms)
			LogAssemblyErrors (0ms)
			InitializePlatformSupportModulesInManaged (455ms)
			SetLoadedEditorAssemblies (3ms)
			BeforeProcessingInitializeOnLoad (41ms)
			ProcessInitializeOnLoadAttributes (94ms)
			ProcessInitializeOnLoadMethodAttributes (48ms)
			AfterProcessingInitializeOnLoad (0ms)
			EditorAssembliesLoaded (0ms)
		ExecutionOrderSort2 (0ms)
		AwakeInstancesAfterBackupRestoration (0ms)
[Licensing::Client] Successfully resolved entitlement details
[Licensing::Module] License group:
  Id: F4-W6CN-ZZMR-W65P-8P7C-XXXX
  Product: Unity Personal
  Type: ULF
  Expiration: 2026-09-15T03:26:35Z
[Licensing::Module] License group:
  Id: ewogICJzdWJzR3JvdXAiIDogInVuaXR5IGVkaXRvciIsCiAgIm5hbWVzcGFjZSIgOiAidW5pdHlfZWRpdG9yIiwKICAidHlwZSIgOiAiRURJVE9SIiwKICAidGFnIiA6ICJVbml0eVBlcnNvbmFsXXXX
  Product: Unity Personal Version
  Type: Assigned
  Expiration: Unlimited
Application.AssetDatabase Initial Refresh Start
[Package Manager] Restoring resolved packages state from cache
[Licensing::Client] Successfully resolved entitlement details
[Package Manager] Registered 56 packages:
  Packages from [https://packages.unity.com]:
    com.unity.ai.navigation@2.0.14 (location: C:\Users\29401\Desktop\youxi\farm-cards-expedition-unity\Library\PackageCache\com.unity.ai.navigation@134dd6a3b97b)
    com.unity.collab-proxy@2.13.6 (location: C:\Users\29401\Desktop\youxi\farm-cards-expedition-unity\Library\PackageCache\com.unity.collab-proxy@4628d2ba6ea4)
    com.unity.ide.rider@3.0.39 (location: C:\Users\29401\Desktop\youxi\farm-cards-expedition-unity\Library\PackageCache\com.unity.ide.rider@4504839d03f7)
    com.unity.ide.visualstudio@2.0.27 (location: C:\Users\29401\Desktop\youxi\farm-cards-expedition-unity\Library\PackageCache\com.unity.ide.visualstudio@dc1ddd4f09b6)
    com.unity.inputsystem@1.19.0 (location: C:\Users\29401\Desktop\youxi\farm-cards-expedition-unity\Library\PackageCache\com.unity.inputsystem@21a28c3a6c83)
    com.unity.timeline@1.8.12 (location: C:\Users\29401\Desktop\youxi\farm-cards-expedition-unity\Library\PackageCache\com.unity.timeline@8cd8509afae5)
    com.unity.visualscripting@1.9.11 (location: C:\Users\29401\Desktop\youxi\farm-cards-expedition-unity\Library\PackageCache\com.unity.visualscripting@8bed5ad90189)
    com.unity.searcher@4.9.3 (location: C:\Users\29401\Desktop\youxi\farm-cards-expedition-unity\Library\PackageCache\com.unity.searcher@1e17ce91558d)
    com.unity.burst@1.8.30 (location: C:\Users\29401\Desktop\youxi\farm-cards-expedition-unity\Library\PackageCache\com.unity.burst@2f3d916873ea)
    com.unity.mathematics@1.3.2 (location: C:\Users\29401\Desktop\youxi\farm-cards-expedition-unity\Library\PackageCache\com.unity.mathematics@8017b507cc74)
    com.unity.collections@2.6.8 (location: C:\Users\29401\Desktop\youxi\farm-cards-expedition-unity\Library\PackageCache\com.unity.collections@84e8eb3fc12e)
    com.unity.nuget.mono-cecil@1.11.6 (location: C:\Users\29401\Desktop\youxi\farm-cards-expedition-unity\Library\PackageCache\com.unity.nuget.mono-cecil@ecb9724e46ff)
    com.unity.test-framework.performance@3.5.0 (location: C:\Users\29401\Desktop\youxi\farm-cards-expedition-unity\Library\PackageCache\com.unity.test-framework.performance@8b56083ec0f0)
  Built-in packages:
    com.unity.multiplayer.center@1.0.0 (location: C:\Users\29401\Desktop\youxi\farm-cards-expedition-unity\Library\PackageCache\com.unity.multiplayer.center@f3fb577b3546)
    com.unity.render-pipelines.universal@17.0.4 (location: C:\Users\29401\Desktop\youxi\farm-cards-expedition-unity\Library\PackageCache\com.unity.render-pipelines.universal@c7abd84d7030)
    com.unity.test-framework@1.6.0 (location: C:\Users\29401\Desktop\youxi\farm-cards-expedition-unity\Library\PackageCache\com.unity.test-framework@082c24152fd4)
    com.unity.ugui@2.0.0 (location: C:\Users\29401\Desktop\youxi\farm-cards-expedition-unity\Library\PackageCache\com.unity.ugui@8bb446d869cd)
    com.unity.modules.accessibility@1.0.0 (location: C:\Users\29401\Desktop\youxi\farm-cards-expedition-unity\Library\PackageCache\com.unity.modules.accessibility)
    com.unity.modules.ai@1.0.0 (location: C:\Users\29401\Desktop\youxi\farm-cards-expedition-unity\Library\PackageCache\com.unity.modules.ai)
    com.unity.modules.androidjni@1.0.0 (location: C:\Users\29401\Desktop\youxi\farm-cards-expedition-unity\Library\PackageCache\com.unity.modules.androidjni)
    com.unity.modules.animation@1.0.0 (location: C:\Users\29401\Desktop\youxi\farm-cards-expedition-unity\Library\PackageCache\com.unity.modules.animation)
    com.unity.modules.assetbundle@1.0.0 (location: C:\Users\29401\Desktop\youxi\farm-cards-expedition-unity\Library\PackageCache\com.unity.modules.assetbundle)
    com.unity.modules.audio@1.0.0 (location: C:\Users\29401\Desktop\youxi\farm-cards-expedition-unity\Library\PackageCache\com.unity.modules.audio)
    com.unity.modules.cloth@1.0.0 (location: C:\Users\29401\Desktop\youxi\farm-cards-expedition-unity\Library\PackageCache\com.unity.modules.cloth)
    com.unity.modules.director@1.0.0 (location: C:\Users\29401\Desktop\youxi\farm-cards-expedition-unity\Library\PackageCache\com.unity.modules.director)
    com.unity.modules.imageconversion@1.0.0 (location: C:\Users\29401\Desktop\youxi\farm-cards-expedition-unity\Library\PackageCache\com.unity.modules.imageconversion)
    com.unity.modules.imgui@1.0.0 (location: C:\Users\29401\Desktop\youxi\farm-cards-expedition-unity\Library\PackageCache\com.unity.modules.imgui)
    com.unity.modules.jsonserialize@1.0.0 (location: C:\Users\29401\Desktop\youxi\farm-cards-expedition-unity\Library\PackageCache\com.unity.modules.jsonserialize)
    com.unity.modules.particlesystem@1.0.0 (location: C:\Users\29401\Desktop\youxi\farm-cards-expedition-unity\Library\PackageCache\com.unity.modules.particlesystem)
    com.unity.modules.physics@1.0.0 (location: C:\Users\29401\Desktop\youxi\farm-cards-expedition-unity\Library\PackageCache\com.unity.modules.physics)
    com.unity.modules.physics2d@1.0.0 (location: C:\Users\29401\Desktop\youxi\farm-cards-expedition-unity\Library\PackageCache\com.unity.modules.physics2d)
    com.unity.modules.screencapture@1.0.0 (location: C:\Users\29401\Desktop\youxi\farm-cards-expedition-unity\Library\PackageCache\com.unity.modules.screencapture)
    com.unity.modules.terrain@1.0.0 (location: C:\Users\29401\Desktop\youxi\farm-cards-expedition-unity\Library\PackageCache\com.unity.modules.terrain)
    com.unity.modules.terrainphysics@1.0.0 (location: C:\Users\29401\Desktop\youxi\farm-cards-expedition-unity\Library\PackageCache\com.unity.modules.terrainphysics)
    com.unity.modules.tilemap@1.0.0 (location: C:\Users\29401\Desktop\youxi\farm-cards-expedition-unity\Library\PackageCache\com.unity.modules.tilemap)
    com.unity.modules.ui@1.0.0 (location: C:\Users\29401\Desktop\youxi\farm-cards-expedition-unity\Library\PackageCache\com.unity.modules.ui)
    com.unity.modules.uielements@1.0.0 (location: C:\Users\29401\Desktop\youxi\farm-cards-expedition-unity\Library\PackageCache\com.unity.modules.uielements)
    com.unity.modules.umbra@1.0.0 (location: C:\Users\29401\Desktop\youxi\farm-cards-expedition-unity\Library\PackageCache\com.unity.modules.umbra)
    com.unity.modules.unityanalytics@1.0.0 (location: C:\Users\29401\Desktop\youxi\farm-cards-expedition-unity\Library\PackageCache\com.unity.modules.unityanalytics)
    com.unity.modules.unitywebrequest@1.0.0 (location: C:\Users\29401\Desktop\youxi\farm-cards-expedition-unity\Library\PackageCache\com.unity.modules.unitywebrequest)
    com.unity.modules.unitywebrequestassetbundle@1.0.0 (location: C:\Users\29401\Desktop\youxi\farm-cards-expedition-unity\Library\PackageCache\com.unity.modules.unitywebrequestassetbundle)
    com.unity.modules.unitywebrequestaudio@1.0.0 (location: C:\Users\29401\Desktop\youxi\farm-cards-expedition-unity\Library\PackageCache\com.unity.modules.unitywebrequestaudio)
    com.unity.modules.unitywebrequesttexture@1.0.0 (location: C:\Users\29401\Desktop\youxi\farm-cards-expedition-unity\Library\PackageCache\com.unity.modules.unitywebrequesttexture)
    com.unity.modules.unitywebrequestwww@1.0.0 (location: C:\Users\29401\Desktop\youxi\farm-cards-expedition-unity\Library\PackageCache\com.unity.modules.unitywebrequestwww)
    com.unity.modules.vehicles@1.0.0 (location: C:\Users\29401\Desktop\youxi\farm-cards-expedition-unity\Library\PackageCache\com.unity.modules.vehicles)
    com.unity.modules.video@1.0.0 (location: C:\Users\29401\Desktop\youxi\farm-cards-expedition-unity\Library\PackageCache\com.unity.modules.video)
    com.unity.modules.vr@1.0.0 (location: C:\Users\29401\Desktop\youxi\farm-cards-expedition-unity\Library\PackageCache\com.unity.modules.vr)
    com.unity.modules.wind@1.0.0 (location: C:\Users\29401\Desktop\youxi\farm-cards-expedition-unity\Library\PackageCache\com.unity.modules.wind)
    com.unity.modules.xr@1.0.0 (location: C:\Users\29401\Desktop\youxi\farm-cards-expedition-unity\Library\PackageCache\com.unity.modules.xr)
    com.unity.modules.subsystems@1.0.0 (location: C:\Users\29401\Desktop\youxi\farm-cards-expedition-unity\Library\PackageCache\com.unity.modules.subsystems)
    com.unity.modules.hierarchycore@1.0.0 (location: C:\Users\29401\Desktop\youxi\farm-cards-expedition-unity\Library\PackageCache\com.unity.modules.hierarchycore)
    com.unity.ext.nunit@2.0.5 (location: C:\Users\29401\Desktop\youxi\farm-cards-expedition-unity\Library\PackageCache\com.unity.ext.nunit@031a54704bff)
    com.unity.render-pipelines.core@17.0.4 (location: C:\Users\29401\Desktop\youxi\farm-cards-expedition-unity\Library\PackageCache\com.unity.render-pipelines.core@f663854f0ceb)
    com.unity.shadergraph@17.0.4 (location: C:\Users\29401\Desktop\youxi\farm-cards-expedition-unity\Library\PackageCache\com.unity.shadergraph@14250cfec0ec)
    com.unity.render-pipelines.universal-config@17.0.3 (location: C:\Users\29401\Desktop\youxi\farm-cards-expedition-unity\Library\PackageCache\com.unity.render-pipelines.universal-config@dd206bf35d04)
    com.unity.rendering.light-transport@1.0.1 (location: C:\Users\29401\Desktop\youxi\farm-cards-expedition-unity\Library\PackageCache\com.unity.rendering.light-transport@9bd588f963c0)
[Subsystems] No new subsystems found in resolved package list.
[Package Manager] Done registering packages in 0.03 seconds
[ScriptCompilation] Requested script compilation because: Assetdatabase observed changes in script compilation related files
Starting: C:\Program Files\Unity\Hub\Editor\6000.0.82f1\Editor\Data\bee_backend.exe --ipc --defer-dag-verification --dagfile="Library/Bee/1900b0aE.dag" --continue-on-failure --profile="Library/Bee/backend1.traceevents" ScriptAssemblies
WorkingDir: C:/Users/29401/Desktop/youxi/farm-cards-expedition-unity
DisplayProgressbar: Compiling Scripts
ExitCode: 0 Duration: 0s990ms
[657/836    0s] ILPP-Configuration Library/ilpp-configuration.nevergeneratedoutput
[832/836    0s] Csc Library/Bee/artifacts/1900b0aE.dag/Assembly-CSharp-Editor.dll (+2 others)
[833/836    0s] ILPostProcess Library/Bee/artifacts/1900b0aE.dag/post-processed/Assembly-CSharp-Editor.dll (+pdb)
Processing assembly Library/Bee/artifacts/1900b0aE.dag/Assembly-CSharp-Editor.dll, with 129 defines and 322 references

processors: Unity.Jobs.CodeGen.JobsILPostProcessor, zzzUnity.Burst.CodeGen.BurstILPostProcessor

running Unity.Jobs.CodeGen.JobsILPostProcessor

running zzzUnity.Burst.CodeGen.BurstILPostProcessor
[834/836    0s] CopyFiles Library/ScriptAssemblies/Assembly-CSharp-Editor.pdb
[835/836    0s] CopyFiles Library/ScriptAssemblies/Assembly-CSharp-Editor.dll
*** Tundra build success (0.95 seconds), 5 items updated, 836 evaluated
AssetDatabase: script compilation time: 1.417821s
Begin MonoManager ReloadAssembly
- Loaded All Assemblies, in  6.284 seconds
Start importing ProjectSettings/ProjectSettings.asset using Guid(00000000000000004000000000000000) (LibraryAssetImporter) -> (artifact id: '9d457edec146040d7056afca1377b129') in 0.0162431 seconds
Start importing Assets/Resources/Fonts using Guid(959afac6363fea94ca99d75836963075) (DefaultImporter) -> (artifact id: 'dda9ffc87248cf538372a814a98b1cfb') in 0.0080437 seconds
Start importing Assets/Scripts/Render using Guid(e5e25a33199947347b68c6c01261ca43) (DefaultImporter) -> (artifact id: '64cb92c19b562ad911d787b992c699c3') in 0.0066341 seconds
Start importing Assets/Scripts/UI using Guid(bcf2b8b6aacab0f40af9ea589405f508) (DefaultImporter) -> (artifact id: '792931919d50ddd56edcba4f68ff5471') in 0.0070224 seconds
Start importing Assets/StreamingAssets/Fonts using Guid(5dec543c527ed2e4a8f16f5efc23896f) (DefaultImporter) -> (artifact id: 'de8046024b4d3491d63170753710bf93') in 0.0086897 seconds
Start importing Assets/Scripts/Platform using Guid(fe75847a5aa13f747abe67bad8c149f6) (DefaultImporter) -> (artifact id: '2997d214e4398b10c11f879bf9921822') in 0.0075476 seconds
Start importing Assets/Scripts/Platform/Steam using Guid(d7bac3f914c98674ebc28b06acac9e00) (DefaultImporter) -> (artifact id: 'ab06d790723d64d9fff47b0563789ad1') in 0.0100198 seconds
Refreshing native plugins compatible for Editor in 64.23 ms, found 4 plugins.
Native extension for Android target not found
Native extension for WindowsStandalone target not found
Native extension for WebGL target not found
Refreshing native plugins compatible for Editor in 3.69 ms, found 4 plugins.
Mono: successfully reloaded assembly
- Finished resetting the current domain, in  3.911 seconds
Domain Reload Profiling: 10180ms
	BeginReloadAssembly (289ms)
		ExecutionOrderSort (0ms)
		DisableScriptedObjects (10ms)
		BackupInstance (0ms)
		ReleaseScriptingObjects (0ms)
		CreateAndSetChildDomain (133ms)
	RebuildCommonClasses (30ms)
	RebuildNativeTypeToScriptingClass (9ms)
	initialDomainReloadingComplete (40ms)
	LoadAllAssembliesAndSetupDomain (5902ms)
		LoadAssemblies (5503ms)
		RebuildTransferFunctionScriptingTraits (0ms)
		AnalyzeDomain (504ms)
			TypeCache.Refresh (437ms)
				TypeCache.ScanAssembly (425ms)
			BuildScriptInfoCaches (55ms)
			ResolveRequiredComponents (9ms)
	FinalizeReload (3911ms)
		ReleaseScriptCaches (0ms)
		RebuildScriptCaches (0ms)
		SetupLoadedEditorAssemblies (3205ms)
			LogAssemblyErrors (0ms)
			InitializePlatformSupportModulesInManaged (35ms)
			SetLoadedEditorAssemblies (3ms)
			BeforeProcessingInitializeOnLoad (135ms)
			ProcessInitializeOnLoadAttributes (2936ms)
			ProcessInitializeOnLoadMethodAttributes (75ms)
			AfterProcessingInitializeOnLoad (20ms)
			EditorAssembliesLoaded (1ms)
		ExecutionOrderSort2 (0ms)
		AwakeInstancesAfterBackupRestoration (11ms)
Start importing Assets/Resources/Fonts/README_æ”¾ç½®æ€æºé»‘ä½“.txt using Guid(e3e4601491bc03141821753f53ca658e) (TextScriptImporter) -> (artifact id: '87b9217168631953165361ef98c1baa4') in 0.0247891 seconds
Refreshing native plugins compatible for Editor in 3.45 ms, found 4 plugins.
Preloading 0 native plugins for Editor in 0.00 ms.
Asset Pipeline Refresh (id=6f632a35942dc5143986b0973165e30a): Total: 12.861 seconds - Initiated by InitialRefreshV2(ForceSynchronousImport)
	Summary:
		Imports: total=7 (actual=7, local cache=0, cache server=0)
		Asset DB Process Time: managed=3 ms, native=4825 ms
		Asset DB Callback time: managed=214 ms, native=45 ms
		Scripting: domain reloads=1, domain reload time=6284 ms, compile time=1419 ms, other=66 ms
		Project Asset Count: scripts=1302, non-scripts=2277
		Asset File Changes: new=0, changed=1, moved=0, deleted=0
		Scan Filter Count: 0
	InvokeCustomDependenciesCallbacks: 0.002ms
	InvokePackagesCallback: 45.015ms
	ApplyChangesToAssetFolders: 0.886ms
	Scan: 387.323ms
	OnSourceAssetsModified: 0.952ms
	CategorizeAssetsWithTransientArtifact: 60.334ms
	ProcessAssetsWithTransientArtifactChanges: 72.601ms
	CategorizeAssets: 43.737ms
	ImportOutOfDateAssets: 4085.624ms (2567.473ms without children)
		ImportManagerImport: 96.153ms (4.733ms without children)
			ImportInProcess: 91.348ms
			UpdateCategorizedAssets: 0.073ms
		CompileScripts: 1419.355ms
		ReloadNativeAssets: 0.067ms
		UnloadImportedAssets: 1.179ms
		ReloadImportedAssets: 0.001ms
		EnsureUptoDateAssetsAreRegisteredWithGuidPM: 0.849ms
		InitializingProgressBar: 0.009ms
		PostProcessAllAssetNotificationsAddChangedAssets: 0.000ms
		OnDemandSchedulerStart: 0.537ms
	PostProcessAllAssets: 215.250ms
	Hotreload: 6.736ms
	GatherAllCurrentPrimaryArtifactRevisions: 0.003ms
	UnloadStreamsBegin: 1.909ms
	PersistCurrentRevisions: 0.260ms
	UnloadStreamsEnd: 0.002ms
	GenerateScriptTypeHashes: 3.062ms
	Untracked: 7939.893ms

Application.AssetDatabase Initial Refresh End
Scanning for USB devices : 3.515ms
Initializing Unity extensions:
[MODES] ModeService[none].Initialize
[MODES] ModeService[none].LoadModes
[MODES] Loading mode Default (0) for mode-current-id-FarmCards Expedition
Unloading 16 Unused Serialized files (Serialized files now loaded: 0)
Unloading 6571 unused Assets / (2.5 MB). Loaded Objects now: 7308.
Memory consumption went from 192.4 MB to 189.9 MB.
Total: 8.506000 ms (FindLiveObjects: 0.574700 ms CreateObjectMapping: 0.602500 ms MarkObjects: 5.304700 ms  DeleteObjects: 2.022600 ms)

Batchmode quit successfully invoked - shutting down!
Curl error 42: Callback aborted
Killing ADB server in 0.0744063 seconds.
[Physics::Module] Cleanup current backned.
[Physics::Module] Id: 0xf2b8ea05
Input System module state changed to: ShutdownInProgress.
Input System polling thread exited.
Input System module state changed to: Shutdown.
[Licensing::IpcConnector] LicenseClient-29401-notifications channel disconnected successfully.
[Licensing::IpcConnector] LicenseClient-29401 channel disconnected successfully.
AcceleratorClientConnectionCallback - disconnected - :0
Cleanup mono
Exiting batchmode successfully now!
Exiting without the bug reporter. Application will terminate with return code 0